   1               		.file	"null.c"
   2               	__SREG__ = 0x3f
   3               	__SP_H__ = 0x3e
   4               	__SP_L__ = 0x3d
   5               	__CCP__  = 0x34
   6               	__tmp_reg__ = 0
   7               	__zero_reg__ = 1
  15               	.Ltext0:
  16               	.global	main
  18               	main:
  19               	.LFB2:
  20               	.LM1:
  21 0000 DF93      		push r29
  22 0002 CF93      		push r28
  23 0004 CDB7      		in r28,__SP_L__
  24 0006 DEB7      		in r29,__SP_H__
  25               	/* prologue: function */
  26               	/* frame size = 0 */
  27               	/* epilogue start */
  28               	.LM2:
  29 0008 CF91      		pop r28
  30 000a DF91      		pop r29
  31 000c 0895      		ret
  32               	.LFE2:
  58               	.Letext0:
DEFINED SYMBOLS
                            *ABS*:00000000 null.c
C:\Users\SOURABH\AppData\Local\Temp/ccVdmoMU.s:2      *ABS*:0000003f __SREG__
C:\Users\SOURABH\AppData\Local\Temp/ccVdmoMU.s:3      *ABS*:0000003e __SP_H__
C:\Users\SOURABH\AppData\Local\Temp/ccVdmoMU.s:4      *ABS*:0000003d __SP_L__
C:\Users\SOURABH\AppData\Local\Temp/ccVdmoMU.s:5      *ABS*:00000034 __CCP__
C:\Users\SOURABH\AppData\Local\Temp/ccVdmoMU.s:6      *ABS*:00000000 __tmp_reg__
C:\Users\SOURABH\AppData\Local\Temp/ccVdmoMU.s:7      *ABS*:00000001 __zero_reg__
C:\Users\SOURABH\AppData\Local\Temp/ccVdmoMU.s:18     .text:00000000 main

NO UNDEFINED SYMBOLS
